lib/ui/src/components/ui/accordion.tsx(1,24): error TS2307: Cannot find module 'react' or its corresponding type declarations.
lib/ui/src/components/ui/accordion.tsx(12,6): error TS7031: Binding element 'className' implicitly has an 'any' type.
lib/ui/src/components/ui/accordion.tsx(12,29): error TS7006: Parameter 'ref' implicitly has an 'any' type.
lib/ui/src/components/ui/accordion.tsx(13,3): error TS2875: This JSX tag requires the module path 'react/jsx-runtime' to exist, but none could be found. Make sure you have types for the appropriate package installed.
lib/ui/src/components/ui/accordion.tsx(13,4): error TS2322: Type '{ ref: any; className: string; }' is not assignable to type 'AccordionItemProps & RefAttributes<HTMLDivElement>'.
  Property 'value' is missing in type '{ ref: any; className: string; }' but required in type 'AccordionItemProps'.
lib/ui/src/components/ui/accordion.tsx(24,6): error TS7031: Binding element 'className' implicitly has an 'any' type.
lib/ui/src/components/ui/accordion.tsx(24,17): error TS7031: Binding element 'children' implicitly has an 'any' type.
lib/ui/src/components/ui/accordion.tsx(24,39): error TS7006: Parameter 'ref' implicitly has an 'any' type.
lib/ui/src/components/ui/accordion.tsx(44,6): error TS7031: Binding element 'className' implicitly has an 'any' type.
lib/ui/src/components/ui/accordion.tsx(44,17): error TS7031: Binding element 'children' implicitly has an 'any' type.
lib/ui/src/components/ui/accordion.tsx(44,39): error TS7006: Parameter 'ref' implicitly has an 'any' type.
lib/ui/src/components/ui/accordion.tsx(50,5): error TS7026: JSX element implicitly has type 'any' because no interface 'JSX.IntrinsicElements' exists.
lib/ui/src/components/ui/accordion.tsx(50,59): error TS7026: JSX element implicitly has type 'any' because no interface 'JSX.IntrinsicElements' exists.
lib/ui/src/components/ui/alert-dialog.tsx(1,24): error TS2307: Cannot find module 'react' or its corresponding type declarations.
lib/ui/src/components/ui/alert-dialog.tsx(16,6): error TS7031: Binding element 'className' implicitly has an 'any' type.
lib/ui/src/components/ui/alert-dialog.tsx(16,29): error TS7006: Parameter 'ref' implicitly has an 'any' type.
lib/ui/src/components/ui/alert-dialog.tsx(17,3): error TS2875: This JSX tag requires the module path 'react/jsx-runtime' to exist, but none could be found. Make sure you have types for the appropriate package installed.
lib/ui/src/components/ui/alert-dialog.tsx(31,6): error TS7031: Binding element 'className' implicitly has an 'any' type.
lib/ui/src/components/ui/alert-dialog.tsx(31,29): error TS7006: Parameter 'ref' implicitly has an 'any' type.
lib/ui/src/components/ui/alert-dialog.tsx(50,3): error TS7026: JSX element implicitly has type 'any' because no interface 'JSX.IntrinsicElements' exists.
lib/ui/src/components/ui/alert-dialog.tsx(64,3): error TS7026: JSX element implicitly has type 'any' because no interface 'JSX.IntrinsicElements' exists.
lib/ui/src/components/ui/alert-dialog.tsx(77,6): error TS7031: Binding element 'className' implicitly has an 'any' type.
lib/ui/src/components/ui/alert-dialog.tsx(77,29): error TS7006: Parameter 'ref' implicitly has an 'any' type.
lib/ui/src/components/ui/alert-dialog.tsx(89,6): error TS7031: Binding element 'className' implicitly has an 'any' type.
lib/ui/src/components/ui/alert-dialog.tsx(89,29): error TS7006: Parameter 'ref' implicitly has an 'any' type.
lib/ui/src/components/ui/alert-dialog.tsx(102,6): error TS7031: Binding element 'className' implicitly has an 'any' type.
lib/ui/src/components/ui/alert-dialog.tsx(102,29): error TS7006: Parameter 'ref' implicitly has an 'any' type.
lib/ui/src/components/ui/alert-dialog.tsx(114,6): error TS7031: Binding element 'className' implicitly has an 'any' type.
lib/ui/src/components/ui/alert-dialog.tsx(114,29): error TS7006: Parameter 'ref' implicitly has an 'any' type.
lib/ui/src/components/ui/alert.tsx(1,24): error TS2307: Cannot find module 'react' or its corresponding type declarations.
lib/ui/src/components/ui/alert.tsx(25,6): error TS7031: Binding element 'className' implicitly has an 'any' type.
lib/ui/src/components/ui/alert.tsx(25,17): error TS7031: Binding element 'variant' implicitly has an 'any' type.
lib/ui/src/components/ui/alert.tsx(25,38): error TS7006: Parameter 'ref' implicitly has an 'any' type.
lib/ui/src/components/ui/alert.tsx(26,3): error TS2875: This JSX tag requires the module path 'react/jsx-runtime' to exist, but none could be found. Make sure you have types for the appropriate package installed.
lib/ui/src/components/ui/alert.tsx(26,3): error TS7026: JSX element implicitly has type 'any' because no interface 'JSX.IntrinsicElements' exists.
lib/ui/src/components/ui/alert.tsx(38,6): error TS7031: Binding element 'className' implicitly has an 'any' type.
lib/ui/src/components/ui/alert.tsx(38,29): error TS7006: Parameter 'ref' implicitly has an 'any' type.
lib/ui/src/components/ui/alert.tsx(39,3): error TS7026: JSX element implicitly has type 'any' because no interface 'JSX.IntrinsicElements' exists.
lib/ui/src/components/ui/alert.tsx(50,6): error TS7031: Binding element 'className' implicitly has an 'any' type.
lib/ui/src/components/ui/alert.tsx(50,29): error TS7006: Parameter 'ref' implicitly has an 'any' type.
lib/ui/src/components/ui/alert.tsx(51,3): error TS7026: JSX element implicitly has type 'any' because no interface 'JSX.IntrinsicElements' exists.
lib/ui/src/components/ui/avatar.tsx(3,24): error TS2307: Cannot find module 'react' or its corresponding type declarations.
lib/ui/src/components/ui/avatar.tsx(11,6): error TS7031: Binding element 'className' implicitly has an 'any' type.
lib/ui/src/components/ui/avatar.tsx(11,29): error TS7006: Parameter 'ref' implicitly has an 'any' type.
lib/ui/src/components/ui/avatar.tsx(12,3): error TS2875: This JSX tag requires the module path 'react/jsx-runtime' to exist, but none could be found. Make sure you have types for the appropriate package installed.
lib/ui/src/components/ui/avatar.tsx(26,6): error TS7031: Binding element 'className' implicitly has an 'any' type.
lib/ui/src/components/ui/avatar.tsx(26,29): error TS7006: Parameter 'ref' implicitly has an 'any' type.
lib/ui/src/components/ui/avatar.tsx(38,6): error TS7031: Binding element 'className' implicitly has an 'any' type.
lib/ui/src/components/ui/avatar.tsx(38,29): error TS7006: Parameter 'ref' implicitly has an 'any' type.
lib/ui/src/components/ui/badge.tsx(1,24): error TS2307: Cannot find module 'react' or its corresponding type declarations.
lib/ui/src/components/ui/badge.tsx(37,18): error TS2339: Property 'className' does not exist on type 'BadgeProps'.
lib/ui/src/components/ui/badge.tsx(39,5): error TS2875: This JSX tag requires the module path 'react/jsx-runtime' to exist, but none could be found. Make sure you have types for the appropriate package installed.
lib/ui/src/components/ui/badge.tsx(39,5): error TS7026: JSX element implicitly has type 'any' because no interface 'JSX.IntrinsicElements' exists.
lib/ui/src/components/ui/breadcrumb.tsx(1,24): error TS2307: Cannot find module 'react' or its corresponding type declarations.
lib/ui/src/components/ui/breadcrumb.tsx(12,18): error TS7006: Parameter 'ref' implicitly has an 'any' type.
lib/ui/src/components/ui/breadcrumb.tsx(12,26): error TS2875: This JSX tag requires the module path 'react/jsx-runtime' to exist, but none could be found. Make sure you have types for the appropriate package installed.
lib/ui/src/components/ui/breadcrumb.tsx(12,26): error TS7026: JSX element implicitly has type 'any' because no interface 'JSX.IntrinsicElements' exists.
lib/ui/src/components/ui/breadcrumb.tsx(18,6): error TS7031: Binding element 'className' implicitly has an 'any' type.
lib/ui/src/components/ui/breadcrumb.tsx(18,29): error TS7006: Parameter 'ref' implicitly has an 'any' type.
lib/ui/src/components/ui/breadcrumb.tsx(19,3): error TS7026: JSX element implicitly has type 'any' because no interface 'JSX.IntrinsicElements' exists.
lib/ui/src/components/ui/breadcrumb.tsx(33,6): error TS7031: Binding element 'className' implicitly has an 'any' type.
lib/ui/src/components/ui/breadcrumb.tsx(33,29): error TS7006: Parameter 'ref' implicitly has an 'any' type.
lib/ui/src/components/ui/breadcrumb.tsx(34,3): error TS7026: JSX element implicitly has type 'any' because no interface 'JSX.IntrinsicElements' exists.
lib/ui/src/components/ui/breadcrumb.tsx(47,6): error TS7031: Binding element 'asChild' implicitly has an 'any' type.
lib/ui/src/components/ui/breadcrumb.tsx(47,15): error TS7031: Binding element 'className' implicitly has an 'any' type.
lib/ui/src/components/ui/breadcrumb.tsx(47,38): error TS7006: Parameter 'ref' implicitly has an 'any' type.
lib/ui/src/components/ui/breadcrumb.tsx(63,6): error TS7031: Binding element 'className' implicitly has an 'any' type.
lib/ui/src/components/ui/breadcrumb.tsx(63,29): error TS7006: Parameter 'ref' implicitly has an 'any' type.
lib/ui/src/components/ui/breadcrumb.tsx(64,3): error TS7026: JSX element implicitly has type 'any' because no interface 'JSX.IntrinsicElements' exists.
lib/ui/src/components/ui/breadcrumb.tsx(80,3): error TS7026: JSX element implicitly has type 'any' because no interface 'JSX.IntrinsicElements' exists.
lib/ui/src/components/ui/breadcrumb.tsx(87,3): error TS7026: JSX element implicitly has type 'any' because no interface 'JSX.IntrinsicElements' exists.
lib/ui/src/components/ui/breadcrumb.tsx(95,3): error TS7026: JSX element implicitly has type 'any' because no interface 'JSX.IntrinsicElements' exists.
lib/ui/src/components/ui/breadcrumb.tsx(102,5): error TS7026: JSX element implicitly has type 'any' because no interface 'JSX.IntrinsicElements' exists.
lib/ui/src/components/ui/breadcrumb.tsx(102,35): error TS7026: JSX element implicitly has type 'any' because no interface 'JSX.IntrinsicElements' exists.
lib/ui/src/components/ui/breadcrumb.tsx(103,3): error TS7026: JSX element implicitly has type 'any' because no interface 'JSX.IntrinsicElements' exists.
lib/ui/src/components/ui/button-group.tsx(30,5): error TS2875: This JSX tag requires the module path 'react/jsx-runtime' to exist, but none could be found. Make sure you have types for the appropriate package installed.
lib/ui/src/components/ui/button.tsx(1,24): error TS2307: Cannot find module 'react' or its corresponding type declarations.
lib/ui/src/components/ui/button.tsx(39,6): error TS7031: Binding element 'className' implicitly has an 'any' type.
lib/ui/src/components/ui/button.tsx(39,17): error TS7031: Binding element 'variant' implicitly has an 'any' type.
lib/ui/src/components/ui/button.tsx(39,26): error TS7031: Binding element 'size' implicitly has an 'any' type.
lib/ui/src/components/ui/button.tsx(39,61): error TS7006: Parameter 'ref' implicitly has an 'any' type.
lib/ui/src/components/ui/button.tsx(42,7): error TS2875: This JSX tag requires the module path 'react/jsx-runtime' to exist, but none could be found. Make sure you have types for the appropriate package installed.
lib/ui/src/components/ui/calendar.tsx(3,24): error TS2307: Cannot find module 'react' or its corresponding type declarations.
lib/ui/src/components/ui/calendar.tsx(29,5): error TS2875: This JSX tag requires the module path 'react/jsx-runtime' to exist, but none could be found. Make sure you have types for the appropriate package installed.
lib/ui/src/components/ui/calendar.tsx(130,13): error TS7026: JSX element implicitly has type 'any' because no interface 'JSX.IntrinsicElements' exists.
lib/ui/src/components/ui/calendar.tsx(161,13): error TS7026: JSX element implicitly has type 'any' because no interface 'JSX.IntrinsicElements' exists.
lib/ui/src/components/ui/calendar.tsx(162,15): error TS7026: JSX element implicitly has type 'any' because no interface 'JSX.IntrinsicElements' exists.
lib/ui/src/components/ui/calendar.tsx(164,15): error TS7026: JSX element implicitly has type 'any' because no interface 'JSX.IntrinsicElements' exists.
lib/ui/src/components/ui/calendar.tsx(165,13): error TS7026: JSX element implicitly has type 'any' because no interface 'JSX.IntrinsicElements' exists.
lib/ui/src/components/ui/card.tsx(1,24): error TS2307: Cannot find module 'react' or its corresponding type declarations.
lib/ui/src/components/ui/card.tsx(8,6): error TS7031: Binding element 'className' implicitly has an 'any' type.
lib/ui/src/components/ui/card.tsx(8,29): error TS7006: Parameter 'ref' implicitly has an 'any' type.
lib/ui/src/components/ui/card.tsx(9,3): error TS2875: This JSX tag requires the module path 'react/jsx-runtime' to exist, but none could be found. Make sure you have types for the appropriate package installed.
lib/ui/src/components/ui/card.tsx(9,3): error TS7026: JSX element implicitly has type 'any' because no interface 'JSX.IntrinsicElements' exists.
lib/ui/src/components/ui/card.tsx(23,6): error TS7031: Binding element 'className' implicitly has an 'any' type.
lib/ui/src/components/ui/card.tsx(23,29): error TS7006: Parameter 'ref' implicitly has an 'any' type.
lib/ui/src/components/ui/card.tsx(24,3): error TS7026: JSX element implicitly has type 'any' because no interface 'JSX.IntrinsicElements' exists.
lib/ui/src/components/ui/card.tsx(35,6): error TS7031: Binding element 'className' implicitly has an 'any' type.
lib/ui/src/components/ui/card.tsx(35,29): error TS7006: Parameter 'ref' implicitly has an 'any' type.
lib/ui/src/components/ui/card.tsx(36,3): error TS7026: JSX element implicitly has type 'any' because no interface 'JSX.IntrinsicElements' exists.
lib/ui/src/components/ui/card.tsx(47,6): error TS7031: Binding element 'className' implicitly has an 'any' type.
lib/ui/src/components/ui/card.tsx(47,29): error TS7006: Parameter 'ref' implicitly has an 'any' type.
lib/ui/src/components/ui/card.tsx(48,3): error TS7026: JSX element implicitly has type 'any' because no interface 'JSX.IntrinsicElements' exists.
lib/ui/src/components/ui/card.tsx(59,6): error TS7031: Binding element 'className' implicitly has an 'any' type.
lib/ui/src/components/ui/card.tsx(59,29): error TS7006: Parameter 'ref' implicitly has an 'any' type.
lib/ui/src/components/ui/card.tsx(60,3): error TS7026: JSX element implicitly has type 'any' because no interface 'JSX.IntrinsicElements' exists.
lib/ui/src/components/ui/card.tsx(67,6): error TS7031: Binding element 'className' implicitly has an 'any' type.
lib/ui/src/components/ui/card.tsx(67,29): error TS7006: Parameter 'ref' implicitly has an 'any' type.
lib/ui/src/components/ui/card.tsx(68,3): error TS7026: JSX element implicitly has type 'any' because no interface 'JSX.IntrinsicElements' exists.
lib/ui/src/components/ui/carousel.tsx(1,24): error TS2307: Cannot find module 'react' or its corresponding type declarations.
lib/ui/src/components/ui/carousel.tsx(50,7): error TS7031: Binding element 'opts' implicitly has an 'any' type.
lib/ui/src/components/ui/carousel.tsx(51,7): error TS7031: Binding element 'setApi' implicitly has an 'any' type.
lib/ui/src/components/ui/carousel.tsx(52,7): error TS7031: Binding element 'plugins' implicitly has an 'any' type.
lib/ui/src/components/ui/carousel.tsx(53,7): error TS7031: Binding element 'className' implicitly has an 'any' type.
lib/ui/src/components/ui/carousel.tsx(54,7): error TS7031: Binding element 'children' implicitly has an 'any' type.
lib/ui/src/components/ui/carousel.tsx(57,5): error TS7006: Parameter 'ref' implicitly has an 'any' type.
lib/ui/src/components/ui/carousel.tsx(122,7): error TS2875: This JSX tag requires the module path 'react/jsx-runtime' to exist, but none could be found. Make sure you have types for the appropriate package installed.
lib/ui/src/components/ui/carousel.tsx(135,9): error TS7026: JSX element implicitly has type 'any' because no interface 'JSX.IntrinsicElements' exists.
lib/ui/src/components/ui/carousel.tsx(144,9): error TS7026: JSX element implicitly has type 'any' because no interface 'JSX.IntrinsicElements' exists.
lib/ui/src/components/ui/carousel.tsx(154,6): error TS7031: Binding element 'className' implicitly has an 'any' type.
lib/ui/src/components/ui/carousel.tsx(154,29): error TS7006: Parameter 'ref' implicitly has an 'any' type.
lib/ui/src/components/ui/carousel.tsx(158,5): error TS7026: JSX element implicitly has type 'any' because no interface 'JSX.IntrinsicElements' exists.
lib/ui/src/components/ui/carousel.tsx(159,7): error TS7026: JSX element implicitly has type 'any' because no interface 'JSX.IntrinsicElements' exists.
lib/ui/src/components/ui/carousel.tsx(168,5): error TS7026: JSX element implicitly has type 'any' because no interface 'JSX.IntrinsicElements' exists.
lib/ui/src/components/ui/carousel.tsx(176,6): error TS7031: Binding element 'className' implicitly has an 'any' type.
lib/ui/src/components/ui/carousel.tsx(176,29): error TS7006: Parameter 'ref' implicitly has an 'any' type.
lib/ui/src/components/ui/carousel.tsx(180,5): error TS7026: JSX element implicitly has type 'any' because no interface 'JSX.IntrinsicElements' exists.
lib/ui/src/components/ui/carousel.tsx(198,6): error TS7031: Binding element 'className' implicitly has an 'any' type.
lib/ui/src/components/ui/carousel.tsx(198,65): error TS7006: Parameter 'ref' implicitly has an 'any' type.
lib/ui/src/components/ui/carousel.tsx(218,7): error TS7026: JSX element implicitly has type 'any' because no interface 'JSX.IntrinsicElements' exists.
lib/ui/src/components/ui/carousel.tsx(218,47): error TS7026: JSX element implicitly has type 'any' because no interface 'JSX.IntrinsicElements' exists.
lib/ui/src/components/ui/carousel.tsx(227,6): error TS7031: Binding element 'className' implicitly has an 'any' type.
lib/ui/src/components/ui/carousel.tsx(227,65): error TS7006: Parameter 'ref' implicitly has an 'any' type.
lib/ui/src/components/ui/carousel.tsx(247,7): error TS7026: JSX element implicitly has type 'any' because no interface 'JSX.IntrinsicElements' exists.
lib/ui/src/components/ui/carousel.tsx(247,43): error TS7026: JSX element implicitly has type 'any' because no interface 'JSX.IntrinsicElements' exists.
lib/ui/src/components/ui/chart.tsx(1,24): error TS2307: Cannot find module 'react' or its corresponding type declarations.
lib/ui/src/components/ui/chart.tsx(43,6): error TS7031: Binding element 'id' implicitly has an 'any' type.
lib/ui/src/components/ui/chart.tsx(43,10): error TS7031: Binding element 'className' implicitly has an 'any' type.
lib/ui/src/components/ui/chart.tsx(43,21): error TS7031: Binding element 'children' implicitly has an 'any' type.
lib/ui/src/components/ui/chart.tsx(43,31): error TS7031: Binding element 'config' implicitly has an 'any' type.
lib/ui/src/components/ui/chart.tsx(43,51): error TS7006: Parameter 'ref' implicitly has an 'any' type.
lib/ui/src/components/ui/chart.tsx(48,5): error TS2875: This JSX tag requires the module path 'react/jsx-runtime' to exist, but none could be found. Make sure you have types for the appropriate package installed.
lib/ui/src/components/ui/chart.tsx(49,7): error TS7026: JSX element implicitly has type 'any' because no interface 'JSX.IntrinsicElements' exists.
lib/ui/src/components/ui/chart.tsx(62,7): error TS7026: JSX element implicitly has type 'any' because no interface 'JSX.IntrinsicElements' exists.
lib/ui/src/components/ui/chart.tsx(78,5): error TS7026: JSX element implicitly has type 'any' because no interface 'JSX.IntrinsicElements' exists.
lib/ui/src/components/ui/chart.tsx(116,7): error TS7031: Binding element 'active' implicitly has an 'any' type.
lib/ui/src/components/ui/chart.tsx(117,7): error TS7031: Binding element 'payload' implicitly has an 'any' type.
lib/ui/src/components/ui/chart.tsx(118,7): error TS7031: Binding element 'className' implicitly has an 'any' type.
lib/ui/src/components/ui/chart.tsx(122,7): error TS7031: Binding element 'label' implicitly has an 'any' type.
lib/ui/src/components/ui/chart.tsx(123,7): error TS7031: Binding element 'labelFormatter' implicitly has an 'any' type.
lib/ui/src/components/ui/chart.tsx(124,7): error TS7031: Binding element 'labelClassName' implicitly has an 'any' type.
lib/ui/src/components/ui/chart.tsx(125,7): error TS7031: Binding element 'formatter' implicitly has an 'any' type.
lib/ui/src/components/ui/chart.tsx(126,7): error TS7031: Binding element 'color' implicitly has an 'any' type.
lib/ui/src/components/ui/chart.tsx(127,7): error TS7031: Binding element 'nameKey' implicitly has an 'any' type.
lib/ui/src/components/ui/chart.tsx(128,7): error TS7031: Binding element 'labelKey' implicitly has an 'any' type.
lib/ui/src/components/ui/chart.tsx(130,5): error TS7006: Parameter 'ref' implicitly has an 'any' type.
lib/ui/src/components/ui/chart.tsx(149,11): error TS7026: JSX element implicitly has type 'any' because no interface 'JSX.IntrinsicElements' exists.
lib/ui/src/components/ui/chart.tsx(151,11): error TS7026: JSX element implicitly has type 'any' because no interface 'JSX.IntrinsicElements' exists.
lib/ui/src/components/ui/chart.tsx(159,14): error TS7026: JSX element implicitly has type 'any' because no interface 'JSX.IntrinsicElements' exists.
lib/ui/src/components/ui/chart.tsx(159,72): error TS7026: JSX element implicitly has type 'any' because no interface 'JSX.IntrinsicElements' exists.
lib/ui/src/components/ui/chart.tsx(177,7): error TS7026: JSX element implicitly has type 'any' because no interface 'JSX.IntrinsicElements' exists.
lib/ui/src/components/ui/chart.tsx(185,9): error TS7026: JSX element implicitly has type 'any' because no interface 'JSX.IntrinsicElements' exists.
lib/ui/src/components/ui/chart.tsx(187,22): error TS7006: Parameter 'item' implicitly has an 'any' type.
lib/ui/src/components/ui/chart.tsx(188,19): error TS7006: Parameter 'item' implicitly has an 'any' type.
lib/ui/src/components/ui/chart.tsx(188,25): error TS7006: Parameter 'index' implicitly has an 'any' type.
lib/ui/src/components/ui/chart.tsx(194,17): error TS7026: JSX element implicitly has type 'any' because no interface 'JSX.IntrinsicElements' exists.
lib/ui/src/components/ui/chart.tsx(209,27): error TS7026: JSX element implicitly has type 'any' because no interface 'JSX.IntrinsicElements' exists.
lib/ui/src/components/ui/chart.tsx(229,23): error TS7026: JSX element implicitly has type 'any' because no interface 'JSX.IntrinsicElements' exists.
lib/ui/src/components/ui/chart.tsx(235,25): error TS7026: JSX element implicitly has type 'any' because no interface 'JSX.IntrinsicElements' exists.
lib/ui/src/components/ui/chart.tsx(237,27): error TS7026: JSX element implicitly has type 'any' because no interface 'JSX.IntrinsicElements' exists.
lib/ui/src/components/ui/chart.tsx(239,27): error TS7026: JSX element implicitly has type 'any' because no interface 'JSX.IntrinsicElements' exists.
lib/ui/src/components/ui/chart.tsx(240,25): error TS7026: JSX element implicitly has type 'any' because no interface 'JSX.IntrinsicElements' exists.
lib/ui/src/components/ui/chart.tsx(242,27): error TS7026: JSX element implicitly has type 'any' because no interface 'JSX.IntrinsicElements' exists.
lib/ui/src/components/ui/chart.tsx(244,27): error TS7026: JSX element implicitly has type 'any' because no interface 'JSX.IntrinsicElements' exists.
lib/ui/src/components/ui/chart.tsx(246,23): error TS7026: JSX element implicitly has type 'any' because no interface 'JSX.IntrinsicElements' exists.
lib/ui/src/components/ui/chart.tsx(249,17): error TS7026: JSX element implicitly has type 'any' because no interface 'JSX.IntrinsicElements' exists.
lib/ui/src/components/ui/chart.tsx(252,9): error TS7026: JSX element implicitly has type 'any' because no interface 'JSX.IntrinsicElements' exists.
lib/ui/src/components/ui/chart.tsx(253,7): error TS7026: JSX element implicitly has type 'any' because no interface 'JSX.IntrinsicElements' exists.
lib/ui/src/components/ui/chart.tsx(270,7): error TS7031: Binding element 'className' implicitly has an 'any' type.
lib/ui/src/components/ui/chart.tsx(270,36): error TS7031: Binding element 'payload' implicitly has an 'any' type.
lib/ui/src/components/ui/chart.tsx(270,71): error TS7031: Binding element 'nameKey' implicitly has an 'any' type.
lib/ui/src/components/ui/chart.tsx(271,5): error TS7006: Parameter 'ref' implicitly has an 'any' type.
lib/ui/src/components/ui/chart.tsx(280,7): error TS7026: JSX element implicitly has type 'any' because no interface 'JSX.IntrinsicElements' exists.
lib/ui/src/components/ui/chart.tsx(289,20): error TS7006: Parameter 'item' implicitly has an 'any' type.
lib/ui/src/components/ui/chart.tsx(290,17): error TS7006: Parameter 'item' implicitly has an 'any' type.
lib/ui/src/components/ui/chart.tsx(295,15): error TS7026: JSX element implicitly has type 'any' because no interface 'JSX.IntrinsicElements' exists.
lib/ui/src/components/ui/chart.tsx(304,19): error TS7026: JSX element implicitly has type 'any' because no interface 'JSX.IntrinsicElements' exists.
lib/ui/src/components/ui/chart.tsx(312,15): error TS7026: JSX element implicitly has type 'any' because no interface 'JSX.IntrinsicElements' exists.
lib/ui/src/components/ui/chart.tsx(315,7): error TS7026: JSX element implicitly has type 'any' because no interface 'JSX.IntrinsicElements' exists.
lib/ui/src/components/ui/checkbox.tsx(1,24): error TS2307: Cannot find module 'react' or its corresponding type declarations.
lib/ui/src/components/ui/checkbox.tsx(10,6): error TS7031: Binding element 'className' implicitly has an 'any' type.
lib/ui/src/components/ui/checkbox.tsx(10,29): error TS7006: Parameter 'ref' implicitly has an 'any' type.
lib/ui/src/components/ui/checkbox.tsx(11,3): error TS2875: This JSX tag requires the module path 'react/jsx-runtime' to exist, but none could be found. Make sure you have types for the appropriate package installed.
lib/ui/src/components/ui/command.tsx(3,24): error TS2307: Cannot find module 'react' or its corresponding type declarations.
lib/ui/src/components/ui/command.tsx(14,6): error TS7031: Binding element 'className' implicitly has an 'any' type.
lib/ui/src/components/ui/command.tsx(14,29): error TS7006: Parameter 'ref' implicitly has an 'any' type.
lib/ui/src/components/ui/command.tsx(15,3): error TS2875: This JSX tag requires the module path 'react/jsx-runtime' to exist, but none could be found. Make sure you have types for the appropriate package installed.
lib/ui/src/components/ui/command.tsx(41,6): error TS7031: Binding element 'className' implicitly has an 'any' type.
lib/ui/src/components/ui/command.tsx(41,29): error TS7006: Parameter 'ref' implicitly has an 'any' type.
lib/ui/src/components/ui/command.tsx(42,3): error TS7026: JSX element implicitly has type 'any' because no interface 'JSX.IntrinsicElements' exists.
lib/ui/src/components/ui/command.tsx(52,3): error TS7026: JSX element implicitly has type 'any' because no interface 'JSX.IntrinsicElements' exists.
lib/ui/src/components/ui/command.tsx(60,6): error TS7031: Binding element 'className' implicitly has an 'any' type.
lib/ui/src/components/ui/command.tsx(60,29): error TS7006: Parameter 'ref' implicitly has an 'any' type.
lib/ui/src/components/ui/command.tsx(73,4): error TS7006: Parameter 'props' implicitly has an 'any' type.
lib/ui/src/components/ui/command.tsx(73,11): error TS7006: Parameter 'ref' implicitly has an 'any' type.
lib/ui/src/components/ui/command.tsx(86,6): error TS7031: Binding element 'className' implicitly has an 'any' type.
lib/ui/src/components/ui/command.tsx(86,29): error TS7006: Parameter 'ref' implicitly has an 'any' type.
lib/ui/src/components/ui/command.tsx(102,6): error TS7031: Binding element 'className' implicitly has an 'any' type.
lib/ui/src/components/ui/command.tsx(102,29): error TS7006: Parameter 'ref' implicitly has an 'any' type.
lib/ui/src/components/ui/command.tsx(114,6): error TS7031: Binding element 'className' implicitly has an 'any' type.
lib/ui/src/components/ui/command.tsx(114,29): error TS7006: Parameter 'ref' implicitly has an 'any' type.
lib/ui/src/components/ui/command.tsx(132,5): error TS7026: JSX element implicitly has type 'any' because no interface 'JSX.IntrinsicElements' exists.
lib/ui/src/components/ui/context-menu.tsx(1,24): error TS2307: Cannot find module 'react' or its corresponding type declarations.
lib/ui/src/components/ui/context-menu.tsx(24,6): error TS7031: Binding element 'className' implicitly has an 'any' type.
lib/ui/src/components/ui/context-menu.tsx(24,17): error TS7031: Binding element 'inset' implicitly has an 'any' type.
lib/ui/src/components/ui/context-menu.tsx(24,24): error TS7031: Binding element 'children' implicitly has an 'any' type.
lib/ui/src/components/ui/context-menu.tsx(24,46): error TS7006: Parameter 'ref' implicitly has an 'any' type.
lib/ui/src/components/ui/context-menu.tsx(25,3): error TS2875: This JSX tag requires the module path 'react/jsx-runtime' to exist, but none could be found. Make sure you have types for the appropriate package installed.
lib/ui/src/components/ui/context-menu.tsx(43,6): error TS7031: Binding element 'className' implicitly has an 'any' type.
lib/ui/src/components/ui/context-menu.tsx(43,29): error TS7006: Parameter 'ref' implicitly has an 'any' type.
lib/ui/src/components/ui/context-menu.tsx(58,6): error TS7031: Binding element 'className' implicitly has an 'any' type.
lib/ui/src/components/ui/context-menu.tsx(58,29): error TS7006: Parameter 'ref' implicitly has an 'any' type.
lib/ui/src/components/ui/context-menu.tsx(77,6): error TS7031: Binding element 'className' implicitly has an 'any' type.
lib/ui/src/components/ui/context-menu.tsx(77,17): error TS7031: Binding element 'inset' implicitly has an 'any' type.
lib/ui/src/components/ui/context-menu.tsx(77,36): error TS7006: Parameter 'ref' implicitly has an 'any' type.
lib/ui/src/components/ui/context-menu.tsx(93,6): error TS7031: Binding element 'className' implicitly has an 'any' type.
lib/ui/src/components/ui/context-menu.tsx(93,17): error TS7031: Binding element 'children' implicitly has an 'any' type.
lib/ui/src/components/ui/context-menu.tsx(93,27): error TS7031: Binding element 'checked' implicitly has an 'any' type.
lib/ui/src/components/ui/context-menu.tsx(93,48): error TS7006: Parameter 'ref' implicitly has an 'any' type.
lib/ui/src/components/ui/context-menu.tsx(103,5): error TS7026: JSX element implicitly has type 'any' because no interface 'JSX.IntrinsicElements' exists.
lib/ui/src/components/ui/context-menu.tsx(107,5): error TS7026: JSX element implicitly has type 'any' because no interface 'JSX.IntrinsicElements' exists.
lib/ui/src/components/ui/context-menu.tsx(117,6): error TS7031: Binding element 'className' implicitly has an 'any' type.
lib/ui/src/components/ui/context-menu.tsx(117,17): error TS7031: Binding element 'children' implicitly has an 'any' type.
lib/ui/src/components/ui/context-menu.tsx(117,39): error TS7006: Parameter 'ref' implicitly has an 'any' type.
lib/ui/src/components/ui/context-menu.tsx(118,4): error TS2322: Type '{ children: any[]; ref: any; className: string; }' is not assignable to type 'ContextMenuRadioItemProps & RefAttributes<HTMLDivElement>'.
  Property 'value' is missing in type '{ children: any[]; ref: any; className: string; }' but required in type 'Omit<MenuRadioItemProps & RefAttributes<HTMLDivElement>, "ref">'.
lib/ui/src/components/ui/context-menu.tsx(126,5): error TS7026: JSX element implicitly has type 'any' because no interface 'JSX.IntrinsicElements' exists.
lib/ui/src/components/ui/context-menu.tsx(130,5): error TS7026: JSX element implicitly has type 'any' because no interface 'JSX.IntrinsicElements' exists.
lib/ui/src/components/ui/context-menu.tsx(141,6): error TS7031: Binding element 'className' implicitly has an 'any' type.
lib/ui/src/components/ui/context-menu.tsx(141,17): error TS7031: Binding element 'inset' implicitly has an 'any' type.
lib/ui/src/components/ui/context-menu.tsx(141,36): error TS7006: Parameter 'ref' implicitly has an 'any' type.
lib/ui/src/components/ui/context-menu.tsx(157,6): error TS7031: Binding element 'className' implicitly has an 'any' type.
lib/ui/src/components/ui/context-menu.tsx(157,29): error TS7006: Parameter 'ref' implicitly has an 'any' type.
lib/ui/src/components/ui/context-menu.tsx(171,5): error TS7026: JSX element implicitly has type 'any' because no interface 'JSX.IntrinsicElements' exists.
lib/ui/src/components/ui/dialog.tsx(1,24): error TS2307: Cannot find module 'react' or its corresponding type declarations.
lib/ui/src/components/ui/dialog.tsx(18,6): error TS7031: Binding element 'className' implicitly has an 'any' type.
lib/ui/src/components/ui/dialog.tsx(18,29): error TS7006: Parameter 'ref' implicitly has an 'any' type.
lib/ui/src/components/ui/dialog.tsx(19,3): error TS2875: This JSX tag requires the module path 'react/jsx-runtime' to exist, but none could be found. Make sure you have types for the appropriate package installed.
lib/ui/src/components/ui/dialog.tsx(33,6): error TS7031: Binding element 'className' implicitly has an 'any' type.
lib/ui/src/components/ui/dialog.tsx(33,17): error TS7031: Binding element 'children' implicitly has an 'any' type.
lib/ui/src/components/ui/dialog.tsx(33,39): error TS7006: Parameter 'ref' implicitly has an 'any' type.
lib/ui/src/components/ui/dialog.tsx(47,9): error TS7026: JSX element implicitly has type 'any' because no interface 'JSX.IntrinsicElements' exists.
lib/ui/src/components/ui/dialog.tsx(47,40): error TS7026: JSX element implicitly has type 'any' because no interface 'JSX.IntrinsicElements' exists.
lib/ui/src/components/ui/dialog.tsx(58,3): error TS7026: JSX element implicitly has type 'any' because no interface 'JSX.IntrinsicElements' exists.
lib/ui/src/components/ui/dialog.tsx(72,3): error TS7026: JSX element implicitly has type 'any' because no interface 'JSX.IntrinsicElements' exists.
lib/ui/src/components/ui/dialog.tsx(85,6): error TS7031: Binding element 'className' implicitly has an 'any' type.
lib/ui/src/components/ui/dialog.tsx(85,29): error TS7006: Parameter 'ref' implicitly has an 'any' type.
lib/ui/src/components/ui/dialog.tsx(100,6): error TS7031: Binding element 'className' implicitly has an 'any' type.
lib/ui/src/components/ui/dialog.tsx(100,29): error TS7006: Parameter 'ref' implicitly has an 'any' type.
lib/ui/src/components/ui/drawer.tsx(1,24): error TS2307: Cannot find module 'react' or its corresponding type declarations.
lib/ui/src/components/ui/drawer.tsx(2,43): error TS2307: Cannot find module 'vaul' or its corresponding type declarations.
lib/ui/src/components/ui/drawer.tsx(10,3): error TS2875: This JSX tag requires the module path 'react/jsx-runtime' to exist, but none could be found. Make sure you have types for the appropriate package installed.
lib/ui/src/components/ui/drawer.tsx(26,6): error TS7031: Binding element 'className' implicitly has an 'any' type.
lib/ui/src/components/ui/drawer.tsx(26,29): error TS7006: Parameter 'ref' implicitly has an 'any' type.
lib/ui/src/components/ui/drawer.tsx(38,6): error TS7031: Binding element 'className' implicitly has an 'any' type.
lib/ui/src/components/ui/drawer.tsx(38,17): error TS7031: Binding element 'children' implicitly has an 'any' type.
lib/ui/src/components/ui/drawer.tsx(38,39): error TS7006: Parameter 'ref' implicitly has an 'any' type.
lib/ui/src/components/ui/drawer.tsx(49,7): error TS7026: JSX element implicitly has type 'any' because no interface 'JSX.IntrinsicElements' exists.
lib/ui/src/components/ui/drawer.tsx(60,3): error TS7026: JSX element implicitly has type 'any' because no interface 'JSX.IntrinsicElements' exists.
lib/ui/src/components/ui/drawer.tsx(71,3): error TS7026: JSX element implicitly has type 'any' because no interface 'JSX.IntrinsicElements' exists.
lib/ui/src/components/ui/drawer.tsx(81,6): error TS7031: Binding element 'className' implicitly has an 'any' type.
lib/ui/src/components/ui/drawer.tsx(81,29): error TS7006: Parameter 'ref' implicitly has an 'any' type.
lib/ui/src/components/ui/drawer.tsx(96,6): error TS7031: Binding element 'className' implicitly has an 'any' type.
lib/ui/src/components/ui/drawer.tsx(96,29): error TS7006: Parameter 'ref' implicitly has an 'any' type.
lib/ui/src/components/ui/dropdown-menu.tsx(3,24): error TS2307: Cannot find module 'react' or its corresponding type declarations.
lib/ui/src/components/ui/dropdown-menu.tsx(26,6): error TS7031: Binding element 'className' implicitly has an 'any' type.
lib/ui/src/components/ui/dropdown-menu.tsx(26,17): error TS7031: Binding element 'inset' implicitly has an 'any' type.
lib/ui/src/components/ui/dropdown-menu.tsx(26,24): error TS7031: Binding element 'children' implicitly has an 'any' type.
lib/ui/src/components/ui/dropdown-menu.tsx(26,46): error TS7006: Parameter 'ref' implicitly has an 'any' type.
lib/ui/src/components/ui/dropdown-menu.tsx(27,3): error TS2875: This JSX tag requires the module path 'react/jsx-runtime' to exist, but none could be found. Make sure you have types for the appropriate package installed.
lib/ui/src/components/ui/dropdown-menu.tsx(46,6): error TS7031: Binding element 'className' implicitly has an 'any' type.
lib/ui/src/components/ui/dropdown-menu.tsx(46,29): error TS7006: Parameter 'ref' implicitly has an 'any' type.
lib/ui/src/components/ui/dropdown-menu.tsx(62,6): error TS7031: Binding element 'className' implicitly has an 'any' type.
lib/ui/src/components/ui/dropdown-menu.tsx(62,45): error TS7006: Parameter 'ref' implicitly has an 'any' type.
lib/ui/src/components/ui/dropdown-menu.tsx(83,6): error TS7031: Binding element 'className' implicitly has an 'any' type.
lib/ui/src/components/ui/dropdown-menu.tsx(83,17): error TS7031: Binding element 'inset' implicitly has an 'any' type.
lib/ui/src/components/ui/dropdown-menu.tsx(83,36): error TS7006: Parameter 'ref' implicitly has an 'any' type.
lib/ui/src/components/ui/dropdown-menu.tsx(99,6): error TS7031: Binding element 'className' implicitly has an 'any' type.
lib/ui/src/components/ui/dropdown-menu.tsx(99,17): error TS7031: Binding element 'children' implicitly has an 'any' type.
lib/ui/src/components/ui/dropdown-menu.tsx(99,27): error TS7031: Binding element 'checked' implicitly has an 'any' type.
lib/ui/src/components/ui/dropdown-menu.tsx(99,48): error TS7006: Parameter 'ref' implicitly has an 'any' type.
lib/ui/src/components/ui/dropdown-menu.tsx(109,5): error TS7026: JSX element implicitly has type 'any' because no interface 'JSX.IntrinsicElements' exists.
lib/ui/src/components/ui/dropdown-menu.tsx(113,5): error TS7026: JSX element implicitly has type 'any' because no interface 'JSX.IntrinsicElements' exists.
lib/ui/src/components/ui/dropdown-menu.tsx(123,6): error TS7031: Binding element 'className' implicitly has an 'any' type.
lib/ui/src/components/ui/dropdown-menu.tsx(123,17): error TS7031: Binding element 'children' implicitly has an 'any' type.
lib/ui/src/components/ui/dropdown-menu.tsx(123,39): error TS7006: Parameter 'ref' implicitly has an 'any' type.
lib/ui/src/components/ui/dropdown-menu.tsx(124,4): error TS2322: Type '{ children: any[]; ref: any; className: string; }' is not assignable to type 'DropdownMenuRadioItemProps & RefAttributes<HTMLDivElement>'.
  Property 'value' is missing in type '{ children: any[]; ref: any; className: string; }' but required in type 'Omit<MenuRadioItemProps & RefAttributes<HTMLDivElement>, "ref">'.
lib/ui/src/components/ui/dropdown-menu.tsx(132,5): error TS7026: JSX element implicitly has type 'any' because no interface 'JSX.IntrinsicElements' exists.
lib/ui/src/components/ui/dropdown-menu.tsx(136,5): error TS7026: JSX element implicitly has type 'any' because no interface 'JSX.IntrinsicElements' exists.
lib/ui/src/components/ui/dropdown-menu.tsx(147,6): error TS7031: Binding element 'className' implicitly has an 'any' type.
lib/ui/src/components/ui/dropdown-menu.tsx(147,17): error TS7031: Binding element 'inset' implicitly has an 'any' type.
lib/ui/src/components/ui/dropdown-menu.tsx(147,36): error TS7006: Parameter 'ref' implicitly has an 'any' type.
lib/ui/src/components/ui/dropdown-menu.tsx(163,6): error TS7031: Binding element 'className' implicitly has an 'any' type.
lib/ui/src/components/ui/dropdown-menu.tsx(163,29): error TS7006: Parameter 'ref' implicitly has an 'any' type.
lib/ui/src/components/ui/dropdown-menu.tsx(177,5): error TS7026: JSX element implicitly has type 'any' because no interface 'JSX.IntrinsicElements' exists.
lib/ui/src/components/ui/empty.tsx(7,5): error TS2875: This JSX tag requires the module path 'react/jsx-runtime' to exist, but none could be found. Make sure you have types for the appropriate package installed.
lib/ui/src/components/ui/field.tsx(3,25): error TS2307: Cannot find module 'react' or its corresponding type declarations.
lib/ui/src/components/ui/field.tsx(12,5): error TS2875: This JSX tag requires the module path 'react/jsx-runtime' to exist, but none could be found. Make sure you have types for the appropriate package installed.
lib/ui/src/components/ui/form.tsx(1,24): error TS2307: Cannot find module 'react' or its corresponding type declarations.
lib/ui/src/components/ui/form.tsx(11,8): error TS2307: Cannot find module 'react-hook-form' or its corresponding type declarations.
lib/ui/src/components/ui/form.tsx(34,5): error TS2875: This JSX tag requires the module path 'react/jsx-runtime' to exist, but none could be found. Make sure you have types for the appropriate package installed.
lib/ui/src/components/ui/form.tsx(76,6): error TS7031: Binding element 'className' implicitly has an 'any' type.
lib/ui/src/components/ui/form.tsx(76,29): error TS7006: Parameter 'ref' implicitly has an 'any' type.
lib/ui/src/components/ui/form.tsx(81,7): error TS7026: JSX element implicitly has type 'any' because no interface 'JSX.IntrinsicElements' exists.
lib/ui/src/components/ui/form.tsx(90,6): error TS7031: Binding element 'className' implicitly has an 'any' type.
lib/ui/src/components/ui/form.tsx(90,29): error TS7006: Parameter 'ref' implicitly has an 'any' type.
lib/ui/src/components/ui/form.tsx(107,18): error TS7006: Parameter 'ref' implicitly has an 'any' type.
lib/ui/src/components/ui/form.tsx(129,6): error TS7031: Binding element 'className' implicitly has an 'any' type.
lib/ui/src/components/ui/form.tsx(129,29): error TS7006: Parameter 'ref' implicitly has an 'any' type.
lib/ui/src/components/ui/form.tsx(133,5): error TS7026: JSX element implicitly has type 'any' because no interface 'JSX.IntrinsicElements' exists.
lib/ui/src/components/ui/form.tsx(146,6): error TS7031: Binding element 'className' implicitly has an 'any' type.
lib/ui/src/components/ui/form.tsx(146,17): error TS7031: Binding element 'children' implicitly has an 'any' type.
lib/ui/src/components/ui/form.tsx(146,39): error TS7006: Parameter 'ref' implicitly has an 'any' type.
lib/ui/src/components/ui/form.tsx(155,5): error TS7026: JSX element implicitly has type 'any' because no interface 'JSX.IntrinsicElements' exists.
lib/ui/src/components/ui/form.tsx(162,5): error TS7026: JSX element implicitly has type 'any' because no interface 'JSX.IntrinsicElements' exists.
lib/ui/src/components/ui/hover-card.tsx(1,24): error TS2307: Cannot find module 'react' or its corresponding type declarations.
lib/ui/src/components/ui/hover-card.tsx(13,6): error TS7031: Binding element 'className' implicitly has an 'any' type.
lib/ui/src/components/ui/hover-card.tsx(13,63): error TS7006: Parameter 'ref' implicitly has an 'any' type.
lib/ui/src/components/ui/hover-card.tsx(14,3): error TS2875: This JSX tag requires the module path 'react/jsx-runtime' to exist, but none could be found. Make sure you have types for the appropriate package installed.
lib/ui/src/components/ui/hover-card.tsx(16,5): error TS2322: Type 'string' is not assignable to type '"center" | "end" | "start" | undefined'.
lib/ui/src/components/ui/input-group.tsx(1,24): error TS2307: Cannot find module 'react' or its corresponding type declarations.
lib/ui/src/components/ui/input-group.tsx(11,5): error TS2875: This JSX tag requires the module path 'react/jsx-runtime' to exist, but none could be found. Make sure you have types for the appropriate package installed.
lib/ui/src/components/ui/input-group.tsx(11,5): error TS7026: JSX element implicitly has type 'any' because no interface 'JSX.IntrinsicElements' exists.
lib/ui/src/components/ui/input-group.tsx(64,5): error TS7026: JSX element implicitly has type 'any' because no interface 'JSX.IntrinsicElements' exists.
lib/ui/src/components/ui/input-group.tsx(69,17): error TS7006: Parameter 'e' implicitly has an 'any' type.
lib/ui/src/components/ui/input-group.tsx(70,39): error TS2812: Property 'closest' does not exist on type 'HTMLElement'. Try changing the 'lib' compiler option to include 'dom'.
lib/ui/src/components/ui/input-group.tsx(119,5): error TS7026: JSX element implicitly has type 'any' because no interface 'JSX.IntrinsicElements' exists.
lib/ui/src/components/ui/input-otp.tsx(1,24): error TS2307: Cannot find module 'react' or its corresponding type declarations.
lib/ui/src/components/ui/input-otp.tsx(2,43): error TS2307: Cannot find module 'input-otp' or its corresponding type declarations.
lib/ui/src/components/ui/input-otp.tsx(10,6): error TS7031: Binding element 'className' implicitly has an 'any' type.
lib/ui/src/components/ui/input-otp.tsx(10,17): error TS7031: Binding element 'containerClassName' implicitly has an 'any' type.
lib/ui/src/components/ui/input-otp.tsx(10,49): error TS7006: Parameter 'ref' implicitly has an 'any' type.
lib/ui/src/components/ui/input-otp.tsx(11,3): error TS2875: This JSX tag requires the module path 'react/jsx-runtime' to exist, but none could be found. Make sure you have types for the appropriate package installed.
lib/ui/src/components/ui/input-otp.tsx(26,6): error TS7031: Binding element 'className' implicitly has an 'any' type.
lib/ui/src/components/ui/input-otp.tsx(26,29): error TS7006: Parameter 'ref' implicitly has an 'any' type.
lib/ui/src/components/ui/input-otp.tsx(27,3): error TS7026: JSX element implicitly has type 'any' because no interface 'JSX.IntrinsicElements' exists.
lib/ui/src/components/ui/input-otp.tsx(34,6): error TS7031: Binding element 'index' implicitly has an 'any' type.
lib/ui/src/components/ui/input-otp.tsx(34,13): error TS7031: Binding element 'className' implicitly has an 'any' type.
lib/ui/src/components/ui/input-otp.tsx(34,36): error TS7006: Parameter 'ref' implicitly has an 'any' type.
lib/ui/src/components/ui/input-otp.tsx(39,5): error TS7026: JSX element implicitly has type 'any' because no interface 'JSX.IntrinsicElements' exists.
lib/ui/src/components/ui/input-otp.tsx(50,9): error TS7026: JSX element implicitly has type 'any' because no interface 'JSX.IntrinsicElements' exists.
lib/ui/src/components/ui/input-otp.tsx(51,11): error TS7026: JSX element implicitly has type 'any' because no interface 'JSX.IntrinsicElements' exists.
lib/ui/src/components/ui/input-otp.tsx(52,9): error TS7026: JSX element implicitly has type 'any' because no interface 'JSX.IntrinsicElements' exists.
lib/ui/src/components/ui/input-otp.tsx(54,5): error TS7026: JSX element implicitly has type 'any' because no interface 'JSX.IntrinsicElements' exists.
lib/ui/src/components/ui/input-otp.tsx(62,18): error TS7006: Parameter 'ref' implicitly has an 'any' type.
lib/ui/src/components/ui/input-otp.tsx(63,3): error TS7026: JSX element implicitly has type 'any' because no interface 'JSX.IntrinsicElements' exists.
lib/ui/src/components/ui/input-otp.tsx(65,3): error TS7026: JSX element implicitly has type 'any' because no interface 'JSX.IntrinsicElements' exists.
lib/ui/src/components/ui/input.tsx(1,24): error TS2307: Cannot find module 'react' or its corresponding type declarations.
lib/ui/src/components/ui/input.tsx(8,6): error TS7031: Binding element 'className' implicitly has an 'any' type.
lib/ui/src/components/ui/input.tsx(8,17): error TS7031: Binding element 'type' implicitly has an 'any' type.
lib/ui/src/components/ui/input.tsx(8,35): error TS7006: Parameter 'ref' implicitly has an 'any' type.
lib/ui/src/components/ui/input.tsx(10,7): error TS2875: This JSX tag requires the module path 'react/jsx-runtime' to exist, but none could be found. Make sure you have types for the appropriate package installed.
lib/ui/src/components/ui/input.tsx(10,7): error TS7026: JSX element implicitly has type 'any' because no interface 'JSX.IntrinsicElements' exists.
lib/ui/src/components/ui/item.tsx(1,24): error TS2307: Cannot find module 'react' or its corresponding type declarations.
lib/ui/src/components/ui/item.tsx(10,5): error TS2875: This JSX tag requires the module path 'react/jsx-runtime' to exist, but none could be found. Make sure you have types for the appropriate package installed.
lib/ui/src/components/ui/item.tsx(10,5): error TS7026: JSX element implicitly has type 'any' because no interface 'JSX.IntrinsicElements' exists.
lib/ui/src/components/ui/item.tsx(97,5): error TS7026: JSX element implicitly has type 'any' because no interface 'JSX.IntrinsicElements' exists.
lib/ui/src/components/ui/item.tsx(108,5): error TS7026: JSX element implicitly has type 'any' because no interface 'JSX.IntrinsicElements' exists.
lib/ui/src/components/ui/item.tsx(121,5): error TS7026: JSX element implicitly has type 'any' because no interface 'JSX.IntrinsicElements' exists.
lib/ui/src/components/ui/item.tsx(134,5): error TS7026: JSX element implicitly has type 'any' because no interface 'JSX.IntrinsicElements' exists.
lib/ui/src/components/ui/item.tsx(148,5): error TS7026: JSX element implicitly has type 'any' because no interface 'JSX.IntrinsicElements' exists.
lib/ui/src/components/ui/item.tsx(158,5): error TS7026: JSX element implicitly has type 'any' because no interface 'JSX.IntrinsicElements' exists.
lib/ui/src/components/ui/item.tsx(171,5): error TS7026: JSX element implicitly has type 'any' because no interface 'JSX.IntrinsicElements' exists.
lib/ui/src/components/ui/kbd.tsx(5,5): error TS2875: This JSX tag requires the module path 'react/jsx-runtime' to exist, but none could be found. Make sure you have types for the appropriate package installed.
lib/ui/src/components/ui/label.tsx(3,24): error TS2307: Cannot find module 'react' or its corresponding type declarations.
lib/ui/src/components/ui/label.tsx(17,6): error TS7031: Binding element 'className' implicitly has an 'any' type.
lib/ui/src/components/ui/label.tsx(17,29): error TS7006: Parameter 'ref' implicitly has an 'any' type.
lib/ui/src/components/ui/label.tsx(18,3): error TS2875: This JSX tag requires the module path 'react/jsx-runtime' to exist, but none could be found. Make sure you have types for the appropriate package installed.
lib/ui/src/components/ui/menubar.tsx(1,24): error TS2307: Cannot find module 'react' or its corresponding type declarations.
lib/ui/src/components/ui/menubar.tsx(10,10): error TS2875: This JSX tag requires the module path 'react/jsx-runtime' to exist, but none could be found. Make sure you have types for the appropriate package installed.
lib/ui/src/components/ui/menubar.tsx(40,6): error TS7031: Binding element 'className' implicitly has an 'any' type.
lib/ui/src/components/ui/menubar.tsx(40,29): error TS7006: Parameter 'ref' implicitly has an 'any' type.
lib/ui/src/components/ui/menubar.tsx(55,6): error TS7031: Binding element 'className' implicitly has an 'any' type.
lib/ui/src/components/ui/menubar.tsx(55,29): error TS7006: Parameter 'ref' implicitly has an 'any' type.
lib/ui/src/components/ui/menubar.tsx(72,6): error TS7031: Binding element 'className' implicitly has an 'any' type.
lib/ui/src/components/ui/menubar.tsx(72,17): error TS7031: Binding element 'inset' implicitly has an 'any' type.
lib/ui/src/components/ui/menubar.tsx(72,24): error TS7031: Binding element 'children' implicitly has an 'any' type.
lib/ui/src/components/ui/menubar.tsx(72,46): error TS7006: Parameter 'ref' implicitly has an 'any' type.
lib/ui/src/components/ui/menubar.tsx(91,6): error TS7031: Binding element 'className' implicitly has an 'any' type.
lib/ui/src/components/ui/menubar.tsx(91,29): error TS7006: Parameter 'ref' implicitly has an 'any' type.
lib/ui/src/components/ui/menubar.tsx(108,7): error TS7031: Binding element 'className' implicitly has an 'any' type.
lib/ui/src/components/ui/menubar.tsx(109,5): error TS7006: Parameter 'ref' implicitly has an 'any' type.
lib/ui/src/components/ui/menubar.tsx(114,9): error TS2322: Type 'string' is not assignable to type '"center" | "end" | "start" | undefined'.
lib/ui/src/components/ui/menubar.tsx(133,6): error TS7031: Binding element 'className' implicitly has an 'any' type.
lib/ui/src/components/ui/menubar.tsx(133,17): error TS7031: Binding element 'inset' implicitly has an 'any' type.
lib/ui/src/components/ui/menubar.tsx(133,36): error TS7006: Parameter 'ref' implicitly has an 'any' type.
lib/ui/src/components/ui/menubar.tsx(149,6): error TS7031: Binding element 'className' implicitly has an 'any' type.
lib/ui/src/components/ui/menubar.tsx(149,17): error TS7031: Binding element 'children' implicitly has an 'any' type.
lib/ui/src/components/ui/menubar.tsx(149,27): error TS7031: Binding element 'checked' implicitly has an 'any' type.
lib/ui/src/components/ui/menubar.tsx(149,48): error TS7006: Parameter 'ref' implicitly has an 'any' type.
lib/ui/src/components/ui/menubar.tsx(159,5): error TS7026: JSX element implicitly has type 'any' because no interface 'JSX.IntrinsicElements' exists.
lib/ui/src/components/ui/menubar.tsx(163,5): error TS7026: JSX element implicitly has type 'any' because no interface 'JSX.IntrinsicElements' exists.
lib/ui/src/components/ui/menubar.tsx(172,6): error TS7031: Binding element 'className' implicitly has an 'any' type.
lib/ui/src/components/ui/menubar.tsx(172,17): error TS7031: Binding element 'children' implicitly has an 'any' type.
lib/ui/src/components/ui/menubar.tsx(172,39): error TS7006: Parameter 'ref' implicitly has an 'any' type.
lib/ui/src/components/ui/menubar.tsx(173,4): error TS2322: Type '{ children: any[]; ref: any; className: string; }' is not assignable to type 'MenubarRadioItemProps & RefAttributes<HTMLDivElement>'.
  Property 'value' is missing in type '{ children: any[]; ref: any; className: string; }' but required in type 'Omit<MenuRadioItemProps & RefAttributes<HTMLDivElement>, "ref">'.
lib/ui/src/components/ui/menubar.tsx(181,5): error TS7026: JSX element implicitly has type 'any' because no interface 'JSX.IntrinsicElements' exists.
lib/ui/src/components/ui/menubar.tsx(185,5): error TS7026: JSX element implicitly has type 'any' because no interface 'JSX.IntrinsicElements' exists.
lib/ui/src/components/ui/menubar.tsx(196,6): error TS7031: Binding element 'className' implicitly has an 'any' type.
lib/ui/src/components/ui/menubar.tsx(196,17): error TS7031: Binding element 'inset' implicitly has an 'any' type.
lib/ui/src/components/ui/menubar.tsx(196,36): error TS7006: Parameter 'ref' implicitly has an 'any' type.
lib/ui/src/components/ui/menubar.tsx(212,6): error TS7031: Binding element 'className' implicitly has an 'any' type.
lib/ui/src/components/ui/menubar.tsx(212,29): error TS7006: Parameter 'ref' implicitly has an 'any' type.
lib/ui/src/components/ui/menubar.tsx(226,5): error TS7026: JSX element implicitly has type 'any' because no interface 'JSX.IntrinsicElements' exists.
lib/ui/src/components/ui/navigation-menu.tsx(1,24): error TS2307: Cannot find module 'react' or its corresponding type declarations.
lib/ui/src/components/ui/navigation-menu.tsx(11,6): error TS7031: Binding element 'className' implicitly has an 'any' type.
lib/ui/src/components/ui/navigation-menu.tsx(11,17): error TS7031: Binding element 'children' implicitly has an 'any' type.
lib/ui/src/components/ui/navigation-menu.tsx(11,39): error TS7006: Parameter 'ref' implicitly has an 'any' type.
lib/ui/src/components/ui/navigation-menu.tsx(12,3): error TS2875: This JSX tag requires the module path 'react/jsx-runtime' to exist, but none could be found. Make sure you have types for the appropriate package installed.
lib/ui/src/components/ui/navigation-menu.tsx(29,6): error TS7031: Binding element 'className' implicitly has an 'any' type.
lib/ui/src/components/ui/navigation-menu.tsx(29,29): error TS7006: Parameter 'ref' implicitly has an 'any' type.
lib/ui/src/components/ui/navigation-menu.tsx(50,6): error TS7031: Binding element 'className' implicitly has an 'any' type.
lib/ui/src/components/ui/navigation-menu.tsx(50,17): error TS7031: Binding element 'children' implicitly has an 'any' type.
lib/ui/src/components/ui/navigation-menu.tsx(50,39): error TS7006: Parameter 'ref' implicitly has an 'any' type.
lib/ui/src/components/ui/navigation-menu.tsx(68,6): error TS7031: Binding element 'className' implicitly has an 'any' type.
lib/ui/src/components/ui/navigation-menu.tsx(68,29): error TS7006: Parameter 'ref' implicitly has an 'any' type.
lib/ui/src/components/ui/navigation-menu.tsx(85,6): error TS7031: Binding element 'className' implicitly has an 'any' type.
lib/ui/src/components/ui/navigation-menu.tsx(85,29): error TS7006: Parameter 'ref' implicitly has an 'any' type.
lib/ui/src/components/ui/navigation-menu.tsx(86,3): error TS7026: JSX element implicitly has type 'any' because no interface 'JSX.IntrinsicElements' exists.
lib/ui/src/components/ui/navigation-menu.tsx(95,3): error TS7026: JSX element implicitly has type 'any' because no interface 'JSX.IntrinsicElements' exists.
lib/ui/src/components/ui/navigation-menu.tsx(103,6): error TS7031: Binding element 'className' implicitly has an 'any' type.
lib/ui/src/components/ui/navigation-menu.tsx(103,29): error TS7006: Parameter 'ref' implicitly has an 'any' type.
lib/ui/src/components/ui/navigation-menu.tsx(112,5): error TS7026: JSX element implicitly has type 'any' because no interface 'JSX.IntrinsicElements' exists.
lib/ui/src/components/ui/pagination.tsx(1,24): error TS2307: Cannot find module 'react' or its corresponding type declarations.
lib/ui/src/components/ui/pagination.tsx(8,3): error TS2875: This JSX tag requires the module path 'react/jsx-runtime' to exist, but none could be found. Make sure you have types for the appropriate package installed.
lib/ui/src/components/ui/pagination.tsx(8,3): error TS7026: JSX element implicitly has type 'any' because no interface 'JSX.IntrinsicElements' exists.
lib/ui/src/components/ui/pagination.tsx(20,6): error TS7031: Binding element 'className' implicitly has an 'any' type.
lib/ui/src/components/ui/pagination.tsx(20,29): error TS7006: Parameter 'ref' implicitly has an 'any' type.
lib/ui/src/components/ui/pagination.tsx(21,3): error TS7026: JSX element implicitly has type 'any' because no interface 'JSX.IntrinsicElements' exists.
lib/ui/src/components/ui/pagination.tsx(32,6): error TS7031: Binding element 'className' implicitly has an 'any' type.
lib/ui/src/components/ui/pagination.tsx(32,29): error TS7006: Parameter 'ref' implicitly has an 'any' type.
lib/ui/src/components/ui/pagination.tsx(33,3): error TS7026: JSX element implicitly has type 'any' because no interface 'JSX.IntrinsicElements' exists.
lib/ui/src/components/ui/pagination.tsx(48,3): error TS7026: JSX element implicitly has type 'any' because no interface 'JSX.IntrinsicElements' exists.
lib/ui/src/components/ui/pagination.tsx(73,5): error TS7026: JSX element implicitly has type 'any' because no interface 'JSX.IntrinsicElements' exists.
lib/ui/src/components/ui/pagination.tsx(73,19): error TS7026: JSX element implicitly has type 'any' because no interface 'JSX.IntrinsicElements' exists.
lib/ui/src/components/ui/pagination.tsx(88,5): error TS7026: JSX element implicitly has type 'any' because no interface 'JSX.IntrinsicElements' exists.
lib/ui/src/components/ui/pagination.tsx(88,15): error TS7026: JSX element implicitly has type 'any' because no interface 'JSX.IntrinsicElements' exists.
lib/ui/src/components/ui/pagination.tsx(98,3): error TS7026: JSX element implicitly has type 'any' because no interface 'JSX.IntrinsicElements' exists.
lib/ui/src/components/ui/pagination.tsx(104,5): error TS7026: JSX element implicitly has type 'any' because no interface 'JSX.IntrinsicElements' exists.
lib/ui/src/components/ui/pagination.tsx(104,41): error TS7026: JSX element implicitly has type 'any' because no interface 'JSX.IntrinsicElements' exists.
lib/ui/src/components/ui/pagination.tsx(105,3): error TS7026: JSX element implicitly has type 'any' because no interface 'JSX.IntrinsicElements' exists.
lib/ui/src/components/ui/popover.tsx(1,24): error TS2307: Cannot find module 'react' or its corresponding type declarations.
lib/ui/src/components/ui/popover.tsx(15,6): error TS7031: Binding element 'className' implicitly has an 'any' type.
lib/ui/src/components/ui/popover.tsx(15,63): error TS7006: Parameter 'ref' implicitly has an 'any' type.
lib/ui/src/components/ui/popover.tsx(16,3): error TS2875: This JSX tag requires the module path 'react/jsx-runtime' to exist, but none could be found. Make sure you have types for the appropriate package installed.
lib/ui/src/components/ui/popover.tsx(19,7): error TS2322: Type 'string' is not assignable to type '"center" | "end" | "start" | undefined'.
lib/ui/src/components/ui/progress.tsx(3,24): error TS2307: Cannot find module 'react' or its corresponding type declarations.
lib/ui/src/components/ui/progress.tsx(11,6): error TS7031: Binding element 'className' implicitly has an 'any' type.
lib/ui/src/components/ui/progress.tsx(11,17): error TS7031: Binding element 'value' implicitly has an 'any' type.
lib/ui/src/components/ui/progress.tsx(11,36): error TS7006: Parameter 'ref' implicitly has an 'any' type.
lib/ui/src/components/ui/progress.tsx(12,3): error TS2875: This JSX tag requires the module path 'react/jsx-runtime' to exist, but none could be found. Make sure you have types for the appropriate package installed.
lib/ui/src/components/ui/radio-group.tsx(1,24): error TS2307: Cannot find module 'react' or its corresponding type declarations.
lib/ui/src/components/ui/radio-group.tsx(10,6): error TS7031: Binding element 'className' implicitly has an 'any' type.
lib/ui/src/components/ui/radio-group.tsx(10,29): error TS7006: Parameter 'ref' implicitly has an 'any' type.
lib/ui/src/components/ui/radio-group.tsx(12,5): error TS2875: This JSX tag requires the module path 'react/jsx-runtime' to exist, but none could be found. Make sure you have types for the appropriate package installed.
lib/ui/src/components/ui/radio-group.tsx(24,6): error TS7031: Binding element 'className' implicitly has an 'any' type.
lib/ui/src/components/ui/radio-group.tsx(24,29): error TS7006: Parameter 'ref' implicitly has an 'any' type.
lib/ui/src/components/ui/radio-group.tsx(26,6): error TS2322: Type '{ children: any; ref: any; className: string; }' is not assignable to type 'RadioGroupItemProps & RefAttributes<HTMLButtonElement>'.
  Property 'value' is missing in type '{ children: any; ref: any; className: string; }' but required in type 'RadioGroupItemProps'.
lib/ui/src/components/ui/resizable.tsx(4,37): error TS2307: Cannot find module 'react-resizable-panels' or its corresponding type declarations.
lib/ui/src/components/ui/resizable.tsx(12,3): error TS2875: This JSX tag requires the module path 'react/jsx-runtime' to exist, but none could be found. Make sure you have types for the appropriate package installed.
lib/ui/src/components/ui/scroll-area.tsx(1,24): error TS2307: Cannot find module 'react' or its corresponding type declarations.
lib/ui/src/components/ui/scroll-area.tsx(9,6): error TS7031: Binding element 'className' implicitly has an 'any' type.
lib/ui/src/components/ui/scroll-area.tsx(9,17): error TS7031: Binding element 'children' implicitly has an 'any' type.
lib/ui/src/components/ui/scroll-area.tsx(9,39): error TS7006: Parameter 'ref' implicitly has an 'any' type.
lib/ui/src/components/ui/scroll-area.tsx(10,3): error TS2875: This JSX tag requires the module path 'react/jsx-runtime' to exist, but none could be found. Make sure you have types for the appropriate package installed.
lib/ui/src/components/ui/scroll-area.tsx(27,6): error TS7031: Binding element 'className' implicitly has an 'any' type.
lib/ui/src/components/ui/scroll-area.tsx(27,55): error TS7006: Parameter 'ref' implicitly has an 'any' type.
lib/ui/src/components/ui/scroll-area.tsx(30,5): error TS2322: Type 'string' is not assignable to type '"horizontal" | "vertical" | undefined'.
lib/ui/src/components/ui/select.tsx(3,24): error TS2307: Cannot find module 'react' or its corresponding type declarations.
lib/ui/src/components/ui/select.tsx(18,6): error TS7031: Binding element 'className' implicitly has an 'any' type.
lib/ui/src/components/ui/select.tsx(18,17): error TS7031: Binding element 'children' implicitly has an 'any' type.
lib/ui/src/components/ui/select.tsx(18,39): error TS7006: Parameter 'ref' implicitly has an 'any' type.
lib/ui/src/components/ui/select.tsx(19,3): error TS2875: This JSX tag requires the module path 'react/jsx-runtime' to exist, but none could be found. Make sure you have types for the appropriate package installed.
lib/ui/src/components/ui/select.tsx(38,6): error TS7031: Binding element 'className' implicitly has an 'any' type.
lib/ui/src/components/ui/select.tsx(38,29): error TS7006: Parameter 'ref' implicitly has an 'any' type.
lib/ui/src/components/ui/select.tsx(55,6): error TS7031: Binding element 'className' implicitly has an 'any' type.
lib/ui/src/components/ui/select.tsx(55,29): error TS7006: Parameter 'ref' implicitly has an 'any' type.
lib/ui/src/components/ui/select.tsx(73,6): error TS7031: Binding element 'className' implicitly has an 'any' type.
lib/ui/src/components/ui/select.tsx(73,17): error TS7031: Binding element 'children' implicitly has an 'any' type.
lib/ui/src/components/ui/select.tsx(73,60): error TS7006: Parameter 'ref' implicitly has an 'any' type.
lib/ui/src/components/ui/select.tsx(83,7): error TS2322: Type 'string' is not assignable to type '"popper" | "item-aligned" | undefined'.
lib/ui/src/components/ui/select.tsx(105,6): error TS7031: Binding element 'className' implicitly has an 'any' type.
lib/ui/src/components/ui/select.tsx(105,29): error TS7006: Parameter 'ref' implicitly has an 'any' type.
lib/ui/src/components/ui/select.tsx(117,6): error TS7031: Binding element 'className' implicitly has an 'any' type.
lib/ui/src/components/ui/select.tsx(117,17): error TS7031: Binding element 'children' implicitly has an 'any' type.
lib/ui/src/components/ui/select.tsx(117,39): error TS7006: Parameter 'ref' implicitly has an 'any' type.
lib/ui/src/components/ui/select.tsx(118,4): error TS2322: Type '{ children: any[]; ref: any; className: string; }' is not assignable to type 'SelectItemProps & RefAttributes<HTMLDivElement>'.
  Property 'value' is missing in type '{ children: any[]; ref: any; className: string; }' but required in type 'SelectItemProps'.
lib/ui/src/components/ui/select.tsx(126,5): error TS7026: JSX element implicitly has type 'any' because no interface 'JSX.IntrinsicElements' exists.
lib/ui/src/components/ui/select.tsx(130,5): error TS7026: JSX element implicitly has type 'any' because no interface 'JSX.IntrinsicElements' exists.
lib/ui/src/components/ui/select.tsx(139,6): error TS7031: Binding element 'className' implicitly has an 'any' type.
lib/ui/src/components/ui/select.tsx(139,29): error TS7006: Parameter 'ref' implicitly has an 'any' type.
lib/ui/src/components/ui/separator.tsx(1,24): error TS2307: Cannot find module 'react' or its corresponding type declarations.
lib/ui/src/components/ui/separator.tsx(11,7): error TS7031: Binding element 'className' implicitly has an 'any' type.
lib/ui/src/components/ui/separator.tsx(12,5): error TS7006: Parameter 'ref' implicitly has an 'any' type.
lib/ui/src/components/ui/separator.tsx(14,5): error TS2875: This JSX tag requires the module path 'react/jsx-runtime' to exist, but none could be found. Make sure you have types for the appropriate package installed.
lib/ui/src/components/ui/separator.tsx(17,7): error TS2322: Type 'string' is not assignable to type '"horizontal" | "vertical" | undefined'.
lib/ui/src/components/ui/sheet.tsx(3,24): error TS2307: Cannot find module 'react' or its corresponding type declarations.
lib/ui/src/components/ui/sheet.tsx(21,6): error TS7031: Binding element 'className' implicitly has an 'any' type.
lib/ui/src/components/ui/sheet.tsx(21,29): error TS7006: Parameter 'ref' implicitly has an 'any' type.
lib/ui/src/components/ui/sheet.tsx(22,3): error TS2875: This JSX tag requires the module path 'react/jsx-runtime' to exist, but none could be found. Make sure you have types for the appropriate package installed.
lib/ui/src/components/ui/sheet.tsx(59,22): error TS7031: Binding element 'className' implicitly has an 'any' type.
lib/ui/src/components/ui/sheet.tsx(59,33): error TS7031: Binding element 'children' implicitly has an 'any' type.
lib/ui/src/components/ui/sheet.tsx(59,55): error TS7006: Parameter 'ref' implicitly has an 'any' type.
lib/ui/src/components/ui/sheet.tsx(64,37): error TS2322: Type 'string' is not assignable to type '"left" | "right" | "bottom" | "top" | null | undefined'.
lib/ui/src/components/ui/sheet.tsx(69,9): error TS7026: JSX element implicitly has type 'any' because no interface 'JSX.IntrinsicElements' exists.
lib/ui/src/components/ui/sheet.tsx(69,40): error TS7026: JSX element implicitly has type 'any' because no interface 'JSX.IntrinsicElements' exists.
lib/ui/src/components/ui/sheet.tsx(81,3): error TS7026: JSX element implicitly has type 'any' because no interface 'JSX.IntrinsicElements' exists.
lib/ui/src/components/ui/sheet.tsx(95,3): error TS7026: JSX element implicitly has type 'any' because no interface 'JSX.IntrinsicElements' exists.
lib/ui/src/components/ui/sheet.tsx(108,6): error TS7031: Binding element 'className' implicitly has an 'any' type.
lib/ui/src/components/ui/sheet.tsx(108,29): error TS7006: Parameter 'ref' implicitly has an 'any' type.
lib/ui/src/components/ui/sheet.tsx(120,6): error TS7031: Binding element 'className' implicitly has an 'any' type.
lib/ui/src/components/ui/sheet.tsx(120,29): error TS7006: Parameter 'ref' implicitly has an 'any' type.
lib/ui/src/components/ui/sidebar.tsx(3,24): error TS2307: Cannot find module 'react' or its corresponding type declarations.
lib/ui/src/components/ui/sidebar.tsx(86,7): error TS2584: Cannot find name 'document'. Do you need to change your target library? Try changing the 'lib' compiler option to include 'dom'.
lib/ui/src/components/ui/sidebar.tsx(93,38): error TS7006: Parameter 'open' implicitly has an 'any' type.
lib/ui/src/components/ui/sidebar.tsx(93,65): error TS7006: Parameter 'open' implicitly has an 'any' type.
lib/ui/src/components/ui/sidebar.tsx(100,15): error TS2339: Property 'key' does not exist on type 'KeyboardEvent'.
lib/ui/src/components/ui/sidebar.tsx(101,16): error TS2339: Property 'metaKey' does not exist on type 'KeyboardEvent'.
lib/ui/src/components/ui/sidebar.tsx(101,33): error TS2339: Property 'ctrlKey' does not exist on type 'KeyboardEvent'.
lib/ui/src/components/ui/sidebar.tsx(103,15): error TS2339: Property 'preventDefault' does not exist on type 'KeyboardEvent'.
lib/ui/src/components/ui/sidebar.tsx(108,5): error TS2304: Cannot find name 'window'.
lib/ui/src/components/ui/sidebar.tsx(109,18): error TS2304: Cannot find name 'window'.
lib/ui/src/components/ui/sidebar.tsx(130,5): error TS2875: This JSX tag requires the module path 'react/jsx-runtime' to exist, but none could be found. Make sure you have types for the appropriate package installed.
lib/ui/src/components/ui/sidebar.tsx(132,9): error TS7026: JSX element implicitly has type 'any' because no interface 'JSX.IntrinsicElements' exists.
lib/ui/src/components/ui/sidebar.tsx(148,9): error TS7026: JSX element implicitly has type 'any' because no interface 'JSX.IntrinsicElements' exists.
lib/ui/src/components/ui/sidebar.tsx(170,7): error TS7026: JSX element implicitly has type 'any' because no interface 'JSX.IntrinsicElements' exists.
lib/ui/src/components/ui/sidebar.tsx(179,7): error TS7026: JSX element implicitly has type 'any' because no interface 'JSX.IntrinsicElements' exists.
lib/ui/src/components/ui/sidebar.tsx(202,11): error TS7026: JSX element implicitly has type 'any' because no interface 'JSX.IntrinsicElements' exists.
lib/ui/src/components/ui/sidebar.tsx(202,66): error TS7026: JSX element implicitly has type 'any' because no interface 'JSX.IntrinsicElements' exists.
lib/ui/src/components/ui/sidebar.tsx(209,5): error TS7026: JSX element implicitly has type 'any' because no interface 'JSX.IntrinsicElements' exists.
lib/ui/src/components/ui/sidebar.tsx(218,7): error TS7026: JSX element implicitly has type 'any' because no interface 'JSX.IntrinsicElements' exists.
lib/ui/src/components/ui/sidebar.tsx(229,7): error TS7026: JSX element implicitly has type 'any' because no interface 'JSX.IntrinsicElements' exists.
lib/ui/src/components/ui/sidebar.tsx(244,9): error TS7026: JSX element implicitly has type 'any' because no interface 'JSX.IntrinsicElements' exists.
lib/ui/src/components/ui/sidebar.tsx(250,9): error TS7026: JSX element implicitly has type 'any' because no interface 'JSX.IntrinsicElements' exists.
lib/ui/src/components/ui/sidebar.tsx(251,7): error TS7026: JSX element implicitly has type 'any' because no interface 'JSX.IntrinsicElements' exists.
lib/ui/src/components/ui/sidebar.tsx(252,5): error TS7026: JSX element implicitly has type 'any' because no interface 'JSX.IntrinsicElements' exists.
lib/ui/src/components/ui/sidebar.tsx(270,17): error TS7006: Parameter 'event' implicitly has an 'any' type.
lib/ui/src/components/ui/sidebar.tsx(277,7): error TS7026: JSX element implicitly has type 'any' because no interface 'JSX.IntrinsicElements' exists.
lib/ui/src/components/ui/sidebar.tsx(277,47): error TS7026: JSX element implicitly has type 'any' because no interface 'JSX.IntrinsicElements' exists.
lib/ui/src/components/ui/sidebar.tsx(287,5): error TS7026: JSX element implicitly has type 'any' because no interface 'JSX.IntrinsicElements' exists.
lib/ui/src/components/ui/sidebar.tsx(310,5): error TS7026: JSX element implicitly has type 'any' because no interface 'JSX.IntrinsicElements' exists.
lib/ui/src/components/ui/sidebar.tsx(338,5): error TS7026: JSX element implicitly has type 'any' because no interface 'JSX.IntrinsicElements' exists.
lib/ui/src/components/ui/sidebar.tsx(349,5): error TS7026: JSX element implicitly has type 'any' because no interface 'JSX.IntrinsicElements' exists.
lib/ui/src/components/ui/sidebar.tsx(374,5): error TS7026: JSX element implicitly has type 'any' because no interface 'JSX.IntrinsicElements' exists.
lib/ui/src/components/ui/sidebar.tsx(388,5): error TS7026: JSX element implicitly has type 'any' because no interface 'JSX.IntrinsicElements' exists.
lib/ui/src/components/ui/sidebar.tsx(446,5): error TS7026: JSX element implicitly has type 'any' because no interface 'JSX.IntrinsicElements' exists.
lib/ui/src/components/ui/sidebar.tsx(457,5): error TS7026: JSX element implicitly has type 'any' because no interface 'JSX.IntrinsicElements' exists.
lib/ui/src/components/ui/sidebar.tsx(468,5): error TS7026: JSX element implicitly has type 'any' because no interface 'JSX.IntrinsicElements' exists.
lib/ui/src/components/ui/sidebar.tsx(586,5): error TS7026: JSX element implicitly has type 'any' because no interface 'JSX.IntrinsicElements' exists.
lib/ui/src/components/ui/sidebar.tsx(616,5): error TS7026: JSX element implicitly has type 'any' because no interface 'JSX.IntrinsicElements' exists.
lib/ui/src/components/ui/sidebar.tsx(637,5): error TS7026: JSX element implicitly has type 'any' because no interface 'JSX.IntrinsicElements' exists.
lib/ui/src/components/ui/sidebar.tsx(643,5): error TS7026: JSX element implicitly has type 'any' because no interface 'JSX.IntrinsicElements' exists.
lib/ui/src/components/ui/sidebar.tsx(661,5): error TS7026: JSX element implicitly has type 'any' because no interface 'JSX.IntrinsicElements' exists.
lib/ui/src/components/ui/skeleton.tsx(8,5): error TS2875: This JSX tag requires the module path 'react/jsx-runtime' to exist, but none could be found. Make sure you have types for the appropriate package installed.
lib/ui/src/components/ui/slider.tsx(1,24): error TS2307: Cannot find module 'react' or its corresponding type declarations.
lib/ui/src/components/ui/slider.tsx(9,6): error TS7031: Binding element 'className' implicitly has an 'any' type.
lib/ui/src/components/ui/slider.tsx(9,29): error TS7006: Parameter 'ref' implicitly has an 'any' type.
lib/ui/src/components/ui/slider.tsx(10,3): error TS2875: This JSX tag requires the module path 'react/jsx-runtime' to exist, but none could be found. Make sure you have types for the appropriate package installed.
lib/ui/src/components/ui/sonner.tsx(3,26): error TS2307: Cannot find module 'next-themes' or its corresponding type declarations.
lib/ui/src/components/ui/sonner.tsx(4,35): error TS2307: Cannot find module 'sonner' or its corresponding type declarations.
lib/ui/src/components/ui/sonner.tsx(12,5): error TS2875: This JSX tag requires the module path 'react/jsx-runtime' to exist, but none could be found. Make sure you have types for the appropriate package installed.
lib/ui/src/components/ui/spinner.tsx(7,5): error TS2875: This JSX tag requires the module path 'react/jsx-runtime' to exist, but none could be found. Make sure you have types for the appropriate package installed.
lib/ui/src/components/ui/switch.tsx(1,24): error TS2307: Cannot find module 'react' or its corresponding type declarations.
lib/ui/src/components/ui/switch.tsx(9,6): error TS7031: Binding element 'className' implicitly has an 'any' type.
lib/ui/src/components/ui/switch.tsx(9,29): error TS7006: Parameter 'ref' implicitly has an 'any' type.
lib/ui/src/components/ui/switch.tsx(10,3): error TS2875: This JSX tag requires the module path 'react/jsx-runtime' to exist, but none could be found. Make sure you have types for the appropriate package installed.
lib/ui/src/components/ui/table.tsx(1,24): error TS2307: Cannot find module 'react' or its corresponding type declarations.
lib/ui/src/components/ui/table.tsx(8,6): error TS7031: Binding element 'className' implicitly has an 'any' type.
lib/ui/src/components/ui/table.tsx(8,29): error TS7006: Parameter 'ref' implicitly has an 'any' type.
lib/ui/src/components/ui/table.tsx(9,3): error TS7026: JSX element implicitly has type 'any' because no interface 'JSX.IntrinsicElements' exists.
lib/ui/src/components/ui/table.tsx(9,3): error TS2875: This JSX tag requires the module path 'react/jsx-runtime' to exist, but none could be found. Make sure you have types for the appropriate package installed.
lib/ui/src/components/ui/table.tsx(10,5): error TS7026: JSX element implicitly has type 'any' because no interface 'JSX.IntrinsicElements' exists.
lib/ui/src/components/ui/table.tsx(15,3): error TS7026: JSX element implicitly has type 'any' because no interface 'JSX.IntrinsicElements' exists.
lib/ui/src/components/ui/table.tsx(22,6): error TS7031: Binding element 'className' implicitly has an 'any' type.
lib/ui/src/components/ui/table.tsx(22,29): error TS7006: Parameter 'ref' implicitly has an 'any' type.
lib/ui/src/components/ui/table.tsx(23,3): error TS7026: JSX element implicitly has type 'any' because no interface 'JSX.IntrinsicElements' exists.
lib/ui/src/components/ui/table.tsx(30,6): error TS7031: Binding element 'className' implicitly has an 'any' type.
lib/ui/src/components/ui/table.tsx(30,29): error TS7006: Parameter 'ref' implicitly has an 'any' type.
lib/ui/src/components/ui/table.tsx(31,3): error TS7026: JSX element implicitly has type 'any' because no interface 'JSX.IntrinsicElements' exists.
lib/ui/src/components/ui/table.tsx(42,6): error TS7031: Binding element 'className' implicitly has an 'any' type.
lib/ui/src/components/ui/table.tsx(42,29): error TS7006: Parameter 'ref' implicitly has an 'any' type.
lib/ui/src/components/ui/table.tsx(43,3): error TS7026: JSX element implicitly has type 'any' because no interface 'JSX.IntrinsicElements' exists.
lib/ui/src/components/ui/table.tsx(57,6): error TS7031: Binding element 'className' implicitly has an 'any' type.
lib/ui/src/components/ui/table.tsx(57,29): error TS7006: Parameter 'ref' implicitly has an 'any' type.
lib/ui/src/components/ui/table.tsx(58,3): error TS7026: JSX element implicitly has type 'any' because no interface 'JSX.IntrinsicElements' exists.
lib/ui/src/components/ui/table.tsx(70,3): error TS2552: Cannot find name 'HTMLTableCellElement'. Did you mean 'HTMLTableColElement'?
lib/ui/src/components/ui/table.tsx(71,26): error TS2552: Cannot find name 'HTMLTableCellElement'. Did you mean 'HTMLTableColElement'?
lib/ui/src/components/ui/table.tsx(72,6): error TS7031: Binding element 'className' implicitly has an 'any' type.
lib/ui/src/components/ui/table.tsx(72,29): error TS7006: Parameter 'ref' implicitly has an 'any' type.
lib/ui/src/components/ui/table.tsx(73,3): error TS7026: JSX element implicitly has type 'any' because no interface 'JSX.IntrinsicElements' exists.
lib/ui/src/components/ui/table.tsx(85,3): error TS2552: Cannot find name 'HTMLTableCellElement'. Did you mean 'HTMLTableColElement'?
lib/ui/src/components/ui/table.tsx(86,26): error TS2304: Cannot find name 'HTMLTableCellElement'.
lib/ui/src/components/ui/table.tsx(87,6): error TS7031: Binding element 'className' implicitly has an 'any' type.
lib/ui/src/components/ui/table.tsx(87,29): error TS7006: Parameter 'ref' implicitly has an 'any' type.
lib/ui/src/components/ui/table.tsx(88,3): error TS7026: JSX element implicitly has type 'any' because no interface 'JSX.IntrinsicElements' exists.
lib/ui/src/components/ui/table.tsx(100,3): error TS2304: Cannot find name 'HTMLTableCaptionElement'.
lib/ui/src/components/ui/table.tsx(101,24): error TS2304: Cannot find name 'HTMLTableCaptionElement'.
lib/ui/src/components/ui/table.tsx(102,6): error TS7031: Binding element 'className' implicitly has an 'any' type.
lib/ui/src/components/ui/table.tsx(102,29): error TS7006: Parameter 'ref' implicitly has an 'any' type.
lib/ui/src/components/ui/table.tsx(103,3): error TS7026: JSX element implicitly has type 'any' because no interface 'JSX.IntrinsicElements' exists.
lib/ui/src/components/ui/tabs.tsx(1,24): error TS2307: Cannot find module 'react' or its corresponding type declarations.
lib/ui/src/components/ui/tabs.tsx(11,6): error TS7031: Binding element 'className' implicitly has an 'any' type.
lib/ui/src/components/ui/tabs.tsx(11,29): error TS7006: Parameter 'ref' implicitly has an 'any' type.
lib/ui/src/components/ui/tabs.tsx(12,3): error TS2875: This JSX tag requires the module path 'react/jsx-runtime' to exist, but none could be found. Make sure you have types for the appropriate package installed.
lib/ui/src/components/ui/tabs.tsx(26,6): error TS7031: Binding element 'className' implicitly has an 'any' type.
lib/ui/src/components/ui/tabs.tsx(26,29): error TS7006: Parameter 'ref' implicitly has an 'any' type.
lib/ui/src/components/ui/tabs.tsx(27,4): error TS2322: Type '{ ref: any; className: string; }' is not assignable to type 'TabsTriggerProps & RefAttributes<HTMLButtonElement>'.
  Property 'value' is missing in type '{ ref: any; className: string; }' but required in type 'TabsTriggerProps'.
lib/ui/src/components/ui/tabs.tsx(41,6): error TS7031: Binding element 'className' implicitly has an 'any' type.
lib/ui/src/components/ui/tabs.tsx(41,29): error TS7006: Parameter 'ref' implicitly has an 'any' type.
lib/ui/src/components/ui/tabs.tsx(42,4): error TS2322: Type '{ ref: any; className: string; }' is not assignable to type 'TabsContentProps & RefAttributes<HTMLDivElement>'.
  Property 'value' is missing in type '{ ref: any; className: string; }' but required in type 'TabsContentProps'.
lib/ui/src/components/ui/textarea.tsx(1,24): error TS2307: Cannot find module 'react' or its corresponding type declarations.
lib/ui/src/components/ui/textarea.tsx(8,6): error TS7031: Binding element 'className' implicitly has an 'any' type.
lib/ui/src/components/ui/textarea.tsx(8,29): error TS7006: Parameter 'ref' implicitly has an 'any' type.
lib/ui/src/components/ui/textarea.tsx(10,7): error TS2875: This JSX tag requires the module path 'react/jsx-runtime' to exist, but none could be found. Make sure you have types for the appropriate package installed.
lib/ui/src/components/ui/textarea.tsx(10,7): error TS7026: JSX element implicitly has type 'any' because no interface 'JSX.IntrinsicElements' exists.
lib/ui/src/components/ui/toast.tsx(1,24): error TS2307: Cannot find module 'react' or its corresponding type declarations.
lib/ui/src/components/ui/toast.tsx(13,6): error TS7031: Binding element 'className' implicitly has an 'any' type.
lib/ui/src/components/ui/toast.tsx(13,29): error TS7006: Parameter 'ref' implicitly has an 'any' type.
lib/ui/src/components/ui/toast.tsx(14,3): error TS2875: This JSX tag requires the module path 'react/jsx-runtime' to exist, but none could be found. Make sure you have types for the appropriate package installed.
lib/ui/src/components/ui/toast.tsx(45,6): error TS7031: Binding element 'className' implicitly has an 'any' type.
lib/ui/src/components/ui/toast.tsx(45,17): error TS7031: Binding element 'variant' implicitly has an 'any' type.
lib/ui/src/components/ui/toast.tsx(45,38): error TS7006: Parameter 'ref' implicitly has an 'any' type.
lib/ui/src/components/ui/toast.tsx(59,6): error TS7031: Binding element 'className' implicitly has an 'any' type.
lib/ui/src/components/ui/toast.tsx(59,29): error TS7006: Parameter 'ref' implicitly has an 'any' type.
lib/ui/src/components/ui/toast.tsx(60,4): error TS2322: Type '{ ref: any; className: string; }' is not assignable to type 'ToastActionProps & RefAttributes<HTMLButtonElement>'.
  Property 'altText' is missing in type '{ ref: any; className: string; }' but required in type 'ToastActionProps'.
lib/ui/src/components/ui/toast.tsx(74,6): error TS7031: Binding element 'className' implicitly has an 'any' type.
lib/ui/src/components/ui/toast.tsx(74,29): error TS7006: Parameter 'ref' implicitly has an 'any' type.
lib/ui/src/components/ui/toast.tsx(92,6): error TS7031: Binding element 'className' implicitly has an 'any' type.
lib/ui/src/components/ui/toast.tsx(92,29): error TS7006: Parameter 'ref' implicitly has an 'any' type.
lib/ui/src/components/ui/toast.tsx(104,6): error TS7031: Binding element 'className' implicitly has an 'any' type.
lib/ui/src/components/ui/toast.tsx(104,29): error TS7006: Parameter 'ref' implicitly has an 'any' type.
lib/ui/src/components/ui/toaster.tsx(15,5): error TS2875: This JSX tag requires the module path 'react/jsx-runtime' to exist, but none could be found. Make sure you have types for the appropriate package installed.
lib/ui/src/components/ui/toaster.tsx(16,31): error TS7031: Binding element 'id' implicitly has an 'any' type.
lib/ui/src/components/ui/toaster.tsx(16,35): error TS7031: Binding element 'title' implicitly has an 'any' type.
lib/ui/src/components/ui/toaster.tsx(16,42): error TS7031: Binding element 'description' implicitly has an 'any' type.
lib/ui/src/components/ui/toaster.tsx(16,55): error TS7031: Binding element 'action' implicitly has an 'any' type.
lib/ui/src/components/ui/toggle-group.tsx(3,24): error TS2307: Cannot find module 'react' or its corresponding type declarations.
lib/ui/src/components/ui/toggle-group.tsx(21,6): error TS7031: Binding element 'className' implicitly has an 'any' type.
lib/ui/src/components/ui/toggle-group.tsx(21,17): error TS7031: Binding element 'variant' implicitly has an 'any' type.
lib/ui/src/components/ui/toggle-group.tsx(21,26): error TS7031: Binding element 'size' implicitly has an 'any' type.
lib/ui/src/components/ui/toggle-group.tsx(21,32): error TS7031: Binding element 'children' implicitly has an 'any' type.
lib/ui/src/components/ui/toggle-group.tsx(21,54): error TS7006: Parameter 'ref' implicitly has an 'any' type.
lib/ui/src/components/ui/toggle-group.tsx(22,3): error TS2875: This JSX tag requires the module path 'react/jsx-runtime' to exist, but none could be found. Make sure you have types for the appropriate package installed.
lib/ui/src/components/ui/toggle-group.tsx(22,4): error TS2322: Type '{ children: any; ref: any; className: string; }' is not assignable to type '(ToggleGroupSingleProps | ToggleGroupMultipleProps) & RefAttributes<HTMLDivElement>'.
  Type '{ children: any; ref: any; className: string; }' is not assignable to type 'ToggleGroupMultipleProps & RefAttributes<HTMLDivElement>'.
    Property 'type' is missing in type '{ children: any; ref: any; className: string; }' but required in type 'ToggleGroupMultipleProps'.
lib/ui/src/components/ui/toggle-group.tsx(39,6): error TS7031: Binding element 'className' implicitly has an 'any' type.
lib/ui/src/components/ui/toggle-group.tsx(39,17): error TS7031: Binding element 'children' implicitly has an 'any' type.
lib/ui/src/components/ui/toggle-group.tsx(39,27): error TS7031: Binding element 'variant' implicitly has an 'any' type.
lib/ui/src/components/ui/toggle-group.tsx(39,36): error TS7031: Binding element 'size' implicitly has an 'any' type.
lib/ui/src/components/ui/toggle-group.tsx(39,54): error TS7006: Parameter 'ref' implicitly has an 'any' type.
lib/ui/src/components/ui/toggle-group.tsx(43,6): error TS2322: Type '{ children: any; ref: any; className: string; }' is not assignable to type 'ToggleGroupItemProps & RefAttributes<HTMLButtonElement>'.
  Property 'value' is missing in type '{ children: any; ref: any; className: string; }' but required in type 'Omit<ToggleGroupItemImplProps, "pressed">'.
lib/ui/src/components/ui/toggle.tsx(1,24): error TS2307: Cannot find module 'react' or its corresponding type declarations.
lib/ui/src/components/ui/toggle.tsx(33,6): error TS7031: Binding element 'className' implicitly has an 'any' type.
lib/ui/src/components/ui/toggle.tsx(33,17): error TS7031: Binding element 'variant' implicitly has an 'any' type.
lib/ui/src/components/ui/toggle.tsx(33,26): error TS7031: Binding element 'size' implicitly has an 'any' type.
lib/ui/src/components/ui/toggle.tsx(33,44): error TS7006: Parameter 'ref' implicitly has an 'any' type.
lib/ui/src/components/ui/toggle.tsx(34,3): error TS2875: This JSX tag requires the module path 'react/jsx-runtime' to exist, but none could be found. Make sure you have types for the appropriate package installed.
lib/ui/src/components/ui/tooltip.tsx(3,24): error TS2307: Cannot find module 'react' or its corresponding type declarations.
lib/ui/src/components/ui/tooltip.tsx(17,6): error TS7031: Binding element 'className' implicitly has an 'any' type.
lib/ui/src/components/ui/tooltip.tsx(17,45): error TS7006: Parameter 'ref' implicitly has an 'any' type.
lib/ui/src/components/ui/tooltip.tsx(18,3): error TS2875: This JSX tag requires the module path 'react/jsx-runtime' to exist, but none could be found. Make sure you have types for the appropriate package installed.
lib/ui/src/hooks/use-mobile.tsx(1,24): error TS2307: Cannot find module 'react' or its corresponding type declarations.
lib/ui/src/hooks/use-mobile.tsx(9,17): error TS2304: Cannot find name 'window'.
lib/ui/src/hooks/use-mobile.tsx(11,19): error TS2304: Cannot find name 'window'.
lib/ui/src/hooks/use-mobile.tsx(14,17): error TS2304: Cannot find name 'window'.
lib/ui/src/hooks/use-toast.ts(1,24): error TS2307: Cannot find module 'react' or its corresponding type declarations.
lib/ui/src/hooks/use-toast.ts(56,57): error TS2304: Cannot find name 'setTimeout'.
lib/ui/src/hooks/use-toast.ts(63,19): error TS2304: Cannot find name 'setTimeout'.
lib/ui/src/hooks/use-toast.ts(158,22): error TS7006: Parameter 'open' implicitly has an 'any' type.
